C51 COMPILER V9.60.7.0   SOURCECODE                                                        03/26/2024 13:16:48 PAGE 1   


C51 COMPILER V9.60.7.0, COMPILATION OF MODULE SOURCECODE
OBJECT MODULE PLACED IN .\Objects\sourcecode.obj
COMPILER INVOKED BY: C:\Keil_v5\C51\BIN\C51.EXE sourcecode.c OPTIMIZE(8,SPEED) BROWSE DEBUG OBJECTEXTEND PRINT(.\Listing
                    -s\sourcecode.lst) TABS(2) OBJECT(.\Objects\sourcecode.obj)

line level    source

   1          #include<reg51.h>
   2          sbit SWAVE=P1^5;
   3          void timer0(void) interrupt 1{
   4   1      SWAVE=~SWAVE;
   5   1      TH0=0x4B;
   6   1      TL0=0xFD;
   7   1      }
   8          void main(void)
   9          {
  10   1      IE=0x82;
  11   1      TMOD=0x01;
  12   1      TH0=0x4B;
  13   1      TL0=0xFD;
  14   1      TR0=1;
  15   1      while(1);
  16   1      }


MODULE INFORMATION:   STATIC OVERLAYABLE
   CODE SIZE        =     25    ----
   CONSTANT SIZE    =   ----    ----
   XDATA SIZE       =   ----    ----
   PDATA SIZE       =   ----    ----
   DATA SIZE        =   ----    ----
   IDATA SIZE       =   ----    ----
   BIT SIZE         =   ----    ----
END OF MODULE INFORMATION.


C51 COMPILATION COMPLETE.  0 WARNING(S),  0 ERROR(S)
